<html>
<body>
<pre>
<h1>µVision Build Log</h1>
<h2>Tool Versions:</h2>
IDE-Version: µVision V5.22.0.0
Copyright (C) 2016 ARM Ltd and ARM Germany GmbH. All rights reserved.
License Information: phan vinh, bka, LIC=IK101-CM317-H8EFS-LCJ4J-M73G3-U0RM7
 
Tool Versions:
Toolchain:       MDK-ARM Plus  Version: 5.22
Toolchain Path:  C:\Keil_v5\ARM\ARMCC\Bin
C Compiler:      Armcc.exe V5.06 update 4 (build 422)
Assembler:       Armasm.exe V5.06 update 4 (build 422)
Linker/Locator:  ArmLink.exe V5.06 update 4 (build 422)
Library Manager: ArmAr.exe V5.06 update 4 (build 422)
Hex Converter:   FromElf.exe V5.06 update 4 (build 422)
CPU DLL:         SARMCM3.DLL V5.22
Dialog DLL:      DCM.DLL V1.13.9.0
Target DLL:      UL2CM3.DLL V1.159.0.0
Dialog DLL:      TCM.DLL V1.21.0.0
 
<h2>Project:</h2>
C:\Users\phanvinh\Dropbox\stm32\toggle3.4_eeprom\MDK_ARM\project.uvprojx
Project File Date:  12/22/2016

<h2>Output:</h2>
*** Using Compiler 'V5.06 update 4 (build 422)', folder: 'C:\Keil_v5\ARM\ARMCC\Bin'
Build target 'stm32f103'
Clean started - Project: 'project'
   deleting intermediate output files for target 'stm32f103'
compiling main.c...
..\main.c(102): warning:  #167-D: argument of type "uint8_t *" is incompatible with parameter of type "char *restrict"
                        sprintf(str2,"[%d]motor sleep: %d cm\n",srf_t,khoangcach);
..\main.c(107): warning:  #167-D: argument of type "uint8_t *" is incompatible with parameter of type "char *restrict"
                        sprintf(str2,"[%d]motor run: %d cm\n",srf_t,khoangcach);
..\main.c(110): warning:  #167-D: argument of type "uint8_t *" is incompatible with parameter of type "char *"
                USART_SendString(
SART1,str2);
..\main.c(47): warning:  #177-D: variable "j"  was declared but never referenced
        uint8_t i,j=0;
..\main.c: 4 warnings, 0 errors
compiling stm32f10x_it.c...
..\Libraries\CMSIS\CM3\DeviceSupport\ST\STM32F10x\stm32f10x_it.c(149): warning:  #177-D: variable "bit"  was declared but never referenced
        static uint8_t bit=0;
..\Libraries\CMSIS\CM3\DeviceSupport\ST\STM32F10x\stm32f10x_it.c: 1 warning, 0 errors
compiling user_gpio.c...
compiling user_delay.c...
compiling user_usart.c...
compiling user_nvic.c...
compiling user_exti.c...
compiling user_timer.c...
compiling lcd_led.c...
compiling uart_string.c...
compiling eeprom.c...
assembling startup_stm32f10x_md.s...
compiling core_cm3.c...
compiling system_stm32f10x.c...
compiling misc.c...
compiling stm32f10x_gpio.c...
compiling stm32f10x_rcc.c...
compiling stm32f10x_usart.c...
compiling stm32f10x_exti.c...
compiling stm32f10x_tim.c...
compiling stm32f10x_flash.c...
linking...
Program Size: Code=10120 RO-data=296 RW-data=160 ZI-data=1224  
".\Objects\project.axf" - 0 Error(s), 5 Warning(s).

*** Performing Cross-Module-Optimization:
compiling main.c...
..\main.c(102): warning:  #167-D: argument of type "uint8_t *" is incompatible with parameter of type "char *restrict"
                        sprintf(str2,"[%d]motor sleep: %d cm\n",srf_t,khoangcach);
..\main.c(107): warning:  #167-D: argument of type "uint8_t *" is incompatible with parameter of type "char *restrict"
                        sprintf(str2,"[%d]motor run: %d cm\n",srf_t,khoangcach);
..\main.c(110): warning:  #167-D: argument of type "uint8_t *" is incompatible with parameter of type "char *"
                USART_SendString(
SART1,str2);
..\main.c(47): warning:  #177-D: variable "j"  was declared but never referenced
        uint8_t i,j=0;
..\main.c: 4 warnings, 0 errors
compiling user_delay.c...
compiling user_usart.c...
compiling lcd_led.c...
compiling uart_string.c...
compiling core_cm3.c...
compiling misc.c...
compiling stm32f10x_gpio.c...
compiling stm32f10x_rcc.c...
compiling stm32f10x_usart.c...
compiling stm32f10x_exti.c...
compiling stm32f10x_tim.c...
compiling stm32f10x_flash.c...
linking...
Program Size: Code=10120 RO-data=296 RW-data=160 ZI-data=1224  
".\Objects\project.axf" - 0 Error(s), 4 Warning(s).
*** Completed Cross-Module-Optimization after 2 iteration(s).

<h2>Software Packages used:</h2>

Package Vendor: ARM
                http://www.keil.com/pack/ARM.CMSIS.5.0.0.pack
                ARM::CMSIS:CORE:5.0.0
                CMSIS (Cortex Microcontroller Software Interface Standard)
   * Component: CORE Version: 5.0.0

<h2>Collection of Component include folders:</h2>
  C:\Users\phanvinh\Dropbox\stm32\toggle3.4_eeprom\MDK_ARM\RTE\_stm32f103
  C:\Keil_v5\ARM\PACK\ARM\CMSIS\5.0.0\CMSIS\Include
  C:\Keil_v5\ARM\PACK\Keil\STM32F1xx_DFP\2.1.0\Device\Include

<h2>Collection of Component Files used:</h2>

   * Component: ARM::CMSIS:CORE:5.0.0
Build Time Elapsed:  00:00:42
</pre>
</body>
</html>
